{
  "user_name": "t-tazy",
  "passward": "test"
}
