{
  "user_name": "t-tazy",
  "password": "test"
}
